alsa-utils
arc-solid-gtk-theme
autoconf
automake
bash
binutils
bison
blueman
bluez
bluez-utils
bzip2
coreutils
cryptsetup
device-mapper
dhcpcd
dialog
diffutils
e2fsprogs
efibootmgr
exfat-utils
fakeroot
file
filesystem
findutils
firefox
fish
flex
gawk
gcc
gcc-libs
gettext
git
glibc
gnome-calculator
grep
grim
groff
grub
gzip
inetutils
iproute2
iputils
jfsutils
keepassxc
kvantum-qt5
less
libtool
licenses
light
linux
linux-firmware
logrotate
lvm2
lxappearance
m4
make
mako
man-db
man-pages
mdadm
nano
netctl
networkmanager
nm-connection-editor
ntp
openssh
pacman
pacman-contrib
patch
pciutils
perl
pkgconf
procps-ng
psmisc
pulseaudio
pulseaudio-alsa
pulseaudio-bluetooth
py3status
python-pytz
python-tzlocal
qt5ct
ranger
reiserfsprogs
restic
rsync
s-nail
screenfetch
sed
shadow
sudo
sway
syncthing
sysfsutils
systemd
systemd-sysvcompat
tar
texinfo
ttf-liberation
udiskie
usbutils
util-linux
vi
which
wireless_tools
wpa_supplicant
xf86-input-synaptics
xf86-video-intel
xf86-video-nouveau
xfce4-terminal
xfsprogs
xorg-server-xwayland
zathura
zathura-pdf-mupdf
